20:33:53 **** Build of configuration Debug for project HW5 ****
make -j7 all 
Building file: ../startup/startup_stm32f0xx.S
Building file: ../src/main.c
Building file: ../src/syscalls.c
Building file: ../src/system_stm32f0xx.c
Invoking: MCU GCC Compiler
Invoking: MCU GCC Compiler
Invoking: MCU GCC Compiler
Invoking: MCU GCC Compiler
/Users/vishnubanna/ECE362CODE/HW5/Debug
arm-none-eabi-gcc -mcpu=cortex-m0 -mthumb -mfloat-abi=soft -DSTM32 -DSTM32F0 -DSTM32F051R8Tx -DSTM32F0DISCOVERY -DDEBUG -DSTM32F051 -DUSE_STDPERIPH_DRIVER -I"/Users/vishnubanna/ECE362CODE/HW5/Utilities" -I"/Users/vishnubanna/ECE362CODE/HW5/StdPeriph_Driver/inc" -I"/Users/vishnubanna/ECE362CODE/HW5/inc" -I"/Users/vishnubanna/ECE362CODE/HW5/CMSIS/device" -I"/Users/vishnubanna/ECE362CODE/HW5/CMSIS/core" -O0 -g3 -Wall -fmessage-length=0 -ffunction-sections -c -MMD -MP -MF"src/main.d" -MT"src/main.o" -o "src/main.o" "../src/main.c"
Building file: ../Utilities/stm32f0_discovery.c
/Users/vishnubanna/ECE362CODE/HW5/Debug
arm-none-eabi-gcc -mcpu=cortex-m0 -mthumb -mfloat-abi=soft -DSTM32 -DSTM32F0 -DSTM32F051R8Tx -DSTM32F0DISCOVERY -DDEBUG -DSTM32F051 -DUSE_STDPERIPH_DRIVER -I"/Users/vishnubanna/ECE362CODE/HW5/Utilities" -I"/Users/vishnubanna/ECE362CODE/HW5/StdPeriph_Driver/inc" -I"/Users/vishnubanna/ECE362CODE/HW5/inc" -I"/Users/vishnubanna/ECE362CODE/HW5/CMSIS/device" -I"/Users/vishnubanna/ECE362CODE/HW5/CMSIS/core" -O0 -g3 -Wall -fmessage-length=0 -ffunction-sections -c -MMD -MP -MF"src/system_stm32f0xx.d" -MT"src/system_stm32f0xx.o" -o "src/system_stm32f0xx.o" "../src/system_stm32f0xx.c"
Invoking: MCU GCC Compiler
/Users/vishnubanna/ECE362CODE/HW5/Debug
arm-none-eabi-gcc -mcpu=cortex-m0 -mthumb -mfloat-abi=soft -DSTM32 -DSTM32F0 -DSTM32F051R8Tx -DSTM32F0DISCOVERY -DDEBUG -DSTM32F051 -DUSE_STDPERIPH_DRIVER -I"/Users/vishnubanna/ECE362CODE/HW5/Utilities" -I"/Users/vishnubanna/ECE362CODE/HW5/StdPeriph_Driver/inc" -I"/Users/vishnubanna/ECE362CODE/HW5/inc" -I"/Users/vishnubanna/ECE362CODE/HW5/CMSIS/device" -I"/Users/vishnubanna/ECE362CODE/HW5/CMSIS/core" -O0 -g3 -Wall -fmessage-length=0 -ffunction-sections -c -MMD -MP -MF"src/syscalls.d" -MT"src/syscalls.o" -o "src/syscalls.o" "../src/syscalls.c"
/Users/vishnubanna/ECE362CODE/HW5/Debug
/Users/vishnubanna/ECE362CODE/HW5/Debug
arm-none-eabi-gcc -mcpu=cortex-m0 -mthumb -mfloat-abi=soft -DSTM32 -DSTM32F0 -DSTM32F051R8Tx -DSTM32F0DISCOVERY -DDEBUG -DSTM32F051 -DUSE_STDPERIPH_DRIVER -I"/Users/vishnubanna/ECE362CODE/HW5/Utilities" -I"/Users/vishnubanna/ECE362CODE/HW5/StdPeriph_Driver/inc" -I"/Users/vishnubanna/ECE362CODE/HW5/inc" -I"/Users/vishnubanna/ECE362CODE/HW5/CMSIS/device" -I"/Users/vishnubanna/ECE362CODE/HW5/CMSIS/core" -O0 -g3 -Wall -fmessage-length=0 -ffunction-sections -c -MMD -MP -MF"Utilities/stm32f0_discovery.d" -MT"Utilities/stm32f0_discovery.o" -o "Utilities/stm32f0_discovery.o" "../Utilities/stm32f0_discovery.c"
arm-none-eabi-gcc -mcpu=cortex-m0 -mthumb -mfloat-abi=soft -DSTM32 -DSTM32F0 -DSTM32F051R8Tx -DSTM32F0DISCOVERY -DDEBUG -DSTM32F051 -DUSE_STDPERIPH_DRIVER -I"/Users/vishnubanna/ECE362CODE/HW5/Utilities" -I"/Users/vishnubanna/ECE362CODE/HW5/StdPeriph_Driver/inc" -I"/Users/vishnubanna/ECE362CODE/HW5/inc" -I"/Users/vishnubanna/ECE362CODE/HW5/CMSIS/device" -I"/Users/vishnubanna/ECE362CODE/HW5/CMSIS/core" -O0 -g3 -Wall -fmessage-length=0 -ffunction-sections -c -MMD -MP -MF"startup/startup_stm32f0xx.d" -MT"startup/startup_stm32f0xx.o" -o "startup/startup_stm32f0xx.o" "../startup/startup_stm32f0xx.S"
Building file: ../StdPeriph_Driver/src/stm32f0xx_adc.c
Building file: ../StdPeriph_Driver/src/stm32f0xx_cec.c
Invoking: MCU GCC Compiler
Invoking: MCU GCC Compiler
/Users/vishnubanna/ECE362CODE/HW5/Debug
arm-none-eabi-gcc -mcpu=cortex-m0 -mthumb -mfloat-abi=soft -DSTM32 -DSTM32F0 -DSTM32F051R8Tx -DSTM32F0DISCOVERY -DDEBUG -DSTM32F051 -DUSE_STDPERIPH_DRIVER -I"/Users/vishnubanna/ECE362CODE/HW5/Utilities" -I"/Users/vishnubanna/ECE362CODE/HW5/StdPeriph_Driver/inc" -I"/Users/vishnubanna/ECE362CODE/HW5/inc" -I"/Users/vishnubanna/ECE362CODE/HW5/CMSIS/device" -I"/Users/vishnubanna/ECE362CODE/HW5/CMSIS/core" -O0 -g3 -Wall -fmessage-length=0 -ffunction-sections -c -MMD -MP -MF"StdPeriph_Driver/src/stm32f0xx_adc.d" -MT"StdPeriph_Driver/src/stm32f0xx_adc.o" -o "StdPeriph_Driver/src/stm32f0xx_adc.o" "../StdPeriph_Driver/src/stm32f0xx_adc.c"
/Users/vishnubanna/ECE362CODE/HW5/Debug
arm-none-eabi-gcc -mcpu=cortex-m0 -mthumb -mfloat-abi=soft -DSTM32 -DSTM32F0 -DSTM32F051R8Tx -DSTM32F0DISCOVERY -DDEBUG -DSTM32F051 -DUSE_STDPERIPH_DRIVER -I"/Users/vishnubanna/ECE362CODE/HW5/Utilities" -I"/Users/vishnubanna/ECE362CODE/HW5/StdPeriph_Driver/inc" -I"/Users/vishnubanna/ECE362CODE/HW5/inc" -I"/Users/vishnubanna/ECE362CODE/HW5/CMSIS/device" -I"/Users/vishnubanna/ECE362CODE/HW5/CMSIS/core" -O0 -g3 -Wall -fmessage-length=0 -ffunction-sections -c -MMD -MP -MF"StdPeriph_Driver/src/stm32f0xx_cec.d" -MT"StdPeriph_Driver/src/stm32f0xx_cec.o" -o "StdPeriph_Driver/src/stm32f0xx_cec.o" "../StdPeriph_Driver/src/stm32f0xx_cec.c"
Finished building: ../startup/startup_stm32f0xx.S
 
Building file: ../StdPeriph_Driver/src/stm32f0xx_comp.c
Invoking: MCU GCC Compiler
/Users/vishnubanna/ECE362CODE/HW5/Debug
arm-none-eabi-gcc -mcpu=cortex-m0 -mthumb -mfloat-abi=soft -DSTM32 -DSTM32F0 -DSTM32F051R8Tx -DSTM32F0DISCOVERY -DDEBUG -DSTM32F051 -DUSE_STDPERIPH_DRIVER -I"/Users/vishnubanna/ECE362CODE/HW5/Utilities" -I"/Users/vishnubanna/ECE362CODE/HW5/StdPeriph_Driver/inc" -I"/Users/vishnubanna/ECE362CODE/HW5/inc" -I"/Users/vishnubanna/ECE362CODE/HW5/CMSIS/device" -I"/Users/vishnubanna/ECE362CODE/HW5/CMSIS/core" -O0 -g3 -Wall -fmessage-length=0 -ffunction-sections -c -MMD -MP -MF"StdPeriph_Driver/src/stm32f0xx_comp.d" -MT"StdPeriph_Driver/src/stm32f0xx_comp.o" -o "StdPeriph_Driver/src/stm32f0xx_comp.o" "../StdPeriph_Driver/src/stm32f0xx_comp.c"
../src/system_stm32f0xx.c: In function 'SetSysClock':
../src/system_stm32f0xx.c:273:37: warning: unused variable 'HSEStatus' [-Wunused-variable]
   __IO uint32_t StartUpCounter = 0, HSEStatus = 0;
                                     ^~~~~~~~~
../src/system_stm32f0xx.c:273:17: warning: unused variable 'StartUpCounter' [-Wunused-variable]
   __IO uint32_t StartUpCounter = 0, HSEStatus = 0;
                 ^~~~~~~~~~~~~~
Finished building: ../src/syscalls.c
 
Building file: ../StdPeriph_Driver/src/stm32f0xx_crc.c
Invoking: MCU GCC Compiler
/Users/vishnubanna/ECE362CODE/HW5/Debug
arm-none-eabi-gcc -mcpu=cortex-m0 -mthumb -mfloat-abi=soft -DSTM32 -DSTM32F0 -DSTM32F051R8Tx -DSTM32F0DISCOVERY -DDEBUG -DSTM32F051 -DUSE_STDPERIPH_DRIVER -I"/Users/vishnubanna/ECE362CODE/HW5/Utilities" -I"/Users/vishnubanna/ECE362CODE/HW5/StdPeriph_Driver/inc" -I"/Users/vishnubanna/ECE362CODE/HW5/inc" -I"/Users/vishnubanna/ECE362CODE/HW5/CMSIS/device" -I"/Users/vishnubanna/ECE362CODE/HW5/CMSIS/core" -O0 -g3 -Wall -fmessage-length=0 -ffunction-sections -c -MMD -MP -MF"StdPeriph_Driver/src/stm32f0xx_crc.d" -MT"StdPeriph_Driver/src/stm32f0xx_crc.o" -o "StdPeriph_Driver/src/stm32f0xx_crc.o" "../StdPeriph_Driver/src/stm32f0xx_crc.c"
Finished building: ../src/main.c
Finished building: ../Utilities/stm32f0_discovery.c
 
Finished building: ../src/system_stm32f0xx.c
 
 
Building file: ../StdPeriph_Driver/src/stm32f0xx_dac.c
Building file: ../StdPeriph_Driver/src/stm32f0xx_dbgmcu.c
Building file: ../StdPeriph_Driver/src/stm32f0xx_dma.c
Invoking: MCU GCC Compiler
Invoking: MCU GCC Compiler
Invoking: MCU GCC Compiler
Finished building: ../StdPeriph_Driver/src/stm32f0xx_cec.c
/Users/vishnubanna/ECE362CODE/HW5/Debug
/Users/vishnubanna/ECE362CODE/HW5/Debug
arm-none-eabi-gcc -mcpu=cortex-m0 -mthumb -mfloat-abi=soft -DSTM32 -DSTM32F0 -DSTM32F051R8Tx -DSTM32F0DISCOVERY -DDEBUG -DSTM32F051 -DUSE_STDPERIPH_DRIVER -I"/Users/vishnubanna/ECE362CODE/HW5/Utilities" -I"/Users/vishnubanna/ECE362CODE/HW5/StdPeriph_Driver/inc" -I"/Users/vishnubanna/ECE362CODE/HW5/inc" -I"/Users/vishnubanna/ECE362CODE/HW5/CMSIS/device" -I"/Users/vishnubanna/ECE362CODE/HW5/CMSIS/core" -O0 -g3 -Wall -fmessage-length=0 -ffunction-sections -c -MMD -MP -MF"StdPeriph_Driver/src/stm32f0xx_dbgmcu.d" -MT"StdPeriph_Driver/src/stm32f0xx_dbgmcu.o" -o "StdPeriph_Driver/src/stm32f0xx_dbgmcu.o" "../StdPeriph_Driver/src/stm32f0xx_dbgmcu.c"
arm-none-eabi-gcc -mcpu=cortex-m0 -mthumb -mfloat-abi=soft -DSTM32 -DSTM32F0 -DSTM32F051R8Tx -DSTM32F0DISCOVERY -DDEBUG -DSTM32F051 -DUSE_STDPERIPH_DRIVER -I"/Users/vishnubanna/ECE362CODE/HW5/Utilities" -I"/Users/vishnubanna/ECE362CODE/HW5/StdPeriph_Driver/inc" -I"/Users/vishnubanna/ECE362CODE/HW5/inc" -I"/Users/vishnubanna/ECE362CODE/HW5/CMSIS/device" -I"/Users/vishnubanna/ECE362CODE/HW5/CMSIS/core" -O0 -g3 -Wall -fmessage-length=0 -ffunction-sections -c -MMD -MP -MF"StdPeriph_Driver/src/stm32f0xx_dac.d" -MT"StdPeriph_Driver/src/stm32f0xx_dac.o" -o "StdPeriph_Driver/src/stm32f0xx_dac.o" "../StdPeriph_Driver/src/stm32f0xx_dac.c"
/Users/vishnubanna/ECE362CODE/HW5/Debug
arm-none-eabi-gcc -mcpu=cortex-m0 -mthumb -mfloat-abi=soft -DSTM32 -DSTM32F0 -DSTM32F051R8Tx -DSTM32F0DISCOVERY -DDEBUG -DSTM32F051 -DUSE_STDPERIPH_DRIVER -I"/Users/vishnubanna/ECE362CODE/HW5/Utilities" -I"/Users/vishnubanna/ECE362CODE/HW5/StdPeriph_Driver/inc" -I"/Users/vishnubanna/ECE362CODE/HW5/inc" -I"/Users/vishnubanna/ECE362CODE/HW5/CMSIS/device" -I"/Users/vishnubanna/ECE362CODE/HW5/CMSIS/core" -O0 -g3 -Wall -fmessage-length=0 -ffunction-sections -c -MMD -MP -MF"StdPeriph_Driver/src/stm32f0xx_dma.d" -MT"StdPeriph_Driver/src/stm32f0xx_dma.o" -o "StdPeriph_Driver/src/stm32f0xx_dma.o" "../StdPeriph_Driver/src/stm32f0xx_dma.c"
 
Building file: ../StdPeriph_Driver/src/stm32f0xx_exti.c
Invoking: MCU GCC Compiler
Finished building: ../StdPeriph_Driver/src/stm32f0xx_adc.c
/Users/vishnubanna/ECE362CODE/HW5/Debug
arm-none-eabi-gcc -mcpu=cortex-m0 -mthumb -mfloat-abi=soft -DSTM32 -DSTM32F0 -DSTM32F051R8Tx -DSTM32F0DISCOVERY -DDEBUG -DSTM32F051 -DUSE_STDPERIPH_DRIVER -I"/Users/vishnubanna/ECE362CODE/HW5/Utilities" -I"/Users/vishnubanna/ECE362CODE/HW5/StdPeriph_Driver/inc" -I"/Users/vishnubanna/ECE362CODE/HW5/inc" -I"/Users/vishnubanna/ECE362CODE/HW5/CMSIS/device" -I"/Users/vishnubanna/ECE362CODE/HW5/CMSIS/core" -O0 -g3 -Wall -fmessage-length=0 -ffunction-sections -c -MMD -MP -MF"StdPeriph_Driver/src/stm32f0xx_exti.d" -MT"StdPeriph_Driver/src/stm32f0xx_exti.o" -o "StdPeriph_Driver/src/stm32f0xx_exti.o" "../StdPeriph_Driver/src/stm32f0xx_exti.c"
 
Building file: ../StdPeriph_Driver/src/stm32f0xx_flash.c
Invoking: MCU GCC Compiler
Finished building: ../StdPeriph_Driver/src/stm32f0xx_comp.c
/Users/vishnubanna/ECE362CODE/HW5/Debug
arm-none-eabi-gcc -mcpu=cortex-m0 -mthumb -mfloat-abi=soft -DSTM32 -DSTM32F0 -DSTM32F051R8Tx -DSTM32F0DISCOVERY -DDEBUG -DSTM32F051 -DUSE_STDPERIPH_DRIVER -I"/Users/vishnubanna/ECE362CODE/HW5/Utilities" -I"/Users/vishnubanna/ECE362CODE/HW5/StdPeriph_Driver/inc" -I"/Users/vishnubanna/ECE362CODE/HW5/inc" -I"/Users/vishnubanna/ECE362CODE/HW5/CMSIS/device" -I"/Users/vishnubanna/ECE362CODE/HW5/CMSIS/core" -O0 -g3 -Wall -fmessage-length=0 -ffunction-sections -c -MMD -MP -MF"StdPeriph_Driver/src/stm32f0xx_flash.d" -MT"StdPeriph_Driver/src/stm32f0xx_flash.o" -o "StdPeriph_Driver/src/stm32f0xx_flash.o" "../StdPeriph_Driver/src/stm32f0xx_flash.c"
 
Building file: ../StdPeriph_Driver/src/stm32f0xx_gpio.c
Invoking: MCU GCC Compiler
/Users/vishnubanna/ECE362CODE/HW5/Debug
arm-none-eabi-gcc -mcpu=cortex-m0 -mthumb -mfloat-abi=soft -DSTM32 -DSTM32F0 -DSTM32F051R8Tx -DSTM32F0DISCOVERY -DDEBUG -DSTM32F051 -DUSE_STDPERIPH_DRIVER -I"/Users/vishnubanna/ECE362CODE/HW5/Utilities" -I"/Users/vishnubanna/ECE362CODE/HW5/StdPeriph_Driver/inc" -I"/Users/vishnubanna/ECE362CODE/HW5/inc" -I"/Users/vishnubanna/ECE362CODE/HW5/CMSIS/device" -I"/Users/vishnubanna/ECE362CODE/HW5/CMSIS/core" -O0 -g3 -Wall -fmessage-length=0 -ffunction-sections -c -MMD -MP -MF"StdPeriph_Driver/src/stm32f0xx_gpio.d" -MT"StdPeriph_Driver/src/stm32f0xx_gpio.o" -o "StdPeriph_Driver/src/stm32f0xx_gpio.o" "../StdPeriph_Driver/src/stm32f0xx_gpio.c"
Finished building: ../StdPeriph_Driver/src/stm32f0xx_crc.c
 
Building file: ../StdPeriph_Driver/src/stm32f0xx_i2c.c
Invoking: MCU GCC Compiler
Finished building: ../StdPeriph_Driver/src/stm32f0xx_dbgmcu.c
/Users/vishnubanna/ECE362CODE/HW5/Debug
arm-none-eabi-gcc -mcpu=cortex-m0 -mthumb -mfloat-abi=soft -DSTM32 -DSTM32F0 -DSTM32F051R8Tx -DSTM32F0DISCOVERY -DDEBUG -DSTM32F051 -DUSE_STDPERIPH_DRIVER -I"/Users/vishnubanna/ECE362CODE/HW5/Utilities" -I"/Users/vishnubanna/ECE362CODE/HW5/StdPeriph_Driver/inc" -I"/Users/vishnubanna/ECE362CODE/HW5/inc" -I"/Users/vishnubanna/ECE362CODE/HW5/CMSIS/device" -I"/Users/vishnubanna/ECE362CODE/HW5/CMSIS/core" -O0 -g3 -Wall -fmessage-length=0 -ffunction-sections -c -MMD -MP -MF"StdPeriph_Driver/src/stm32f0xx_i2c.d" -MT"StdPeriph_Driver/src/stm32f0xx_i2c.o" -o "StdPeriph_Driver/src/stm32f0xx_i2c.o" "../StdPeriph_Driver/src/stm32f0xx_i2c.c"
 
Finished building: ../StdPeriph_Driver/src/stm32f0xx_dac.c
Building file: ../StdPeriph_Driver/src/stm32f0xx_iwdg.c
 
Invoking: MCU GCC Compiler
Finished building: ../StdPeriph_Driver/src/stm32f0xx_dma.c
Finished building: ../StdPeriph_Driver/src/stm32f0xx_exti.c
Building file: ../StdPeriph_Driver/src/stm32f0xx_misc.c
 
 
Invoking: MCU GCC Compiler
/Users/vishnubanna/ECE362CODE/HW5/Debug
arm-none-eabi-gcc -mcpu=cortex-m0 -mthumb -mfloat-abi=soft -DSTM32 -DSTM32F0 -DSTM32F051R8Tx -DSTM32F0DISCOVERY -DDEBUG -DSTM32F051 -DUSE_STDPERIPH_DRIVER -I"/Users/vishnubanna/ECE362CODE/HW5/Utilities" -I"/Users/vishnubanna/ECE362CODE/HW5/StdPeriph_Driver/inc" -I"/Users/vishnubanna/ECE362CODE/HW5/inc" -I"/Users/vishnubanna/ECE362CODE/HW5/CMSIS/device" -I"/Users/vishnubanna/ECE362CODE/HW5/CMSIS/core" -O0 -g3 -Wall -fmessage-length=0 -ffunction-sections -c -MMD -MP -MF"StdPeriph_Driver/src/stm32f0xx_iwdg.d" -MT"StdPeriph_Driver/src/stm32f0xx_iwdg.o" -o "StdPeriph_Driver/src/stm32f0xx_iwdg.o" "../StdPeriph_Driver/src/stm32f0xx_iwdg.c"
/Users/vishnubanna/ECE362CODE/HW5/Debug
arm-none-eabi-gcc -mcpu=cortex-m0 -mthumb -mfloat-abi=soft -DSTM32 -DSTM32F0 -DSTM32F051R8Tx -DSTM32F0DISCOVERY -DDEBUG -DSTM32F051 -DUSE_STDPERIPH_DRIVER -I"/Users/vishnubanna/ECE362CODE/HW5/Utilities" -I"/Users/vishnubanna/ECE362CODE/HW5/StdPeriph_Driver/inc" -I"/Users/vishnubanna/ECE362CODE/HW5/inc" -I"/Users/vishnubanna/ECE362CODE/HW5/CMSIS/device" -I"/Users/vishnubanna/ECE362CODE/HW5/CMSIS/core" -O0 -g3 -Wall -fmessage-length=0 -ffunction-sections -c -MMD -MP -MF"StdPeriph_Driver/src/stm32f0xx_misc.d" -MT"StdPeriph_Driver/src/stm32f0xx_misc.o" -o "StdPeriph_Driver/src/stm32f0xx_misc.o" "../StdPeriph_Driver/src/stm32f0xx_misc.c"
Building file: ../StdPeriph_Driver/src/stm32f0xx_pwr.c
Invoking: MCU GCC Compiler
Building file: ../StdPeriph_Driver/src/stm32f0xx_rcc.c
/Users/vishnubanna/ECE362CODE/HW5/Debug
arm-none-eabi-gcc -mcpu=cortex-m0 -mthumb -mfloat-abi=soft -DSTM32 -DSTM32F0 -DSTM32F051R8Tx -DSTM32F0DISCOVERY -DDEBUG -DSTM32F051 -DUSE_STDPERIPH_DRIVER -I"/Users/vishnubanna/ECE362CODE/HW5/Utilities" -I"/Users/vishnubanna/ECE362CODE/HW5/StdPeriph_Driver/inc" -I"/Users/vishnubanna/ECE362CODE/HW5/inc" -I"/Users/vishnubanna/ECE362CODE/HW5/CMSIS/device" -I"/Users/vishnubanna/ECE362CODE/HW5/CMSIS/core" -O0 -g3 -Wall -fmessage-length=0 -ffunction-sections -c -MMD -MP -MF"StdPeriph_Driver/src/stm32f0xx_pwr.d" -MT"StdPeriph_Driver/src/stm32f0xx_pwr.o" -o "StdPeriph_Driver/src/stm32f0xx_pwr.o" "../StdPeriph_Driver/src/stm32f0xx_pwr.c"
Invoking: MCU GCC Compiler
/Users/vishnubanna/ECE362CODE/HW5/Debug
arm-none-eabi-gcc -mcpu=cortex-m0 -mthumb -mfloat-abi=soft -DSTM32 -DSTM32F0 -DSTM32F051R8Tx -DSTM32F0DISCOVERY -DDEBUG -DSTM32F051 -DUSE_STDPERIPH_DRIVER -I"/Users/vishnubanna/ECE362CODE/HW5/Utilities" -I"/Users/vishnubanna/ECE362CODE/HW5/StdPeriph_Driver/inc" -I"/Users/vishnubanna/ECE362CODE/HW5/inc" -I"/Users/vishnubanna/ECE362CODE/HW5/CMSIS/device" -I"/Users/vishnubanna/ECE362CODE/HW5/CMSIS/core" -O0 -g3 -Wall -fmessage-length=0 -ffunction-sections -c -MMD -MP -MF"StdPeriph_Driver/src/stm32f0xx_rcc.d" -MT"StdPeriph_Driver/src/stm32f0xx_rcc.o" -o "StdPeriph_Driver/src/stm32f0xx_rcc.o" "../StdPeriph_Driver/src/stm32f0xx_rcc.c"
Finished building: ../StdPeriph_Driver/src/stm32f0xx_gpio.c
 
Building file: ../StdPeriph_Driver/src/stm32f0xx_rtc.c
Invoking: MCU GCC Compiler
/Users/vishnubanna/ECE362CODE/HW5/Debug
arm-none-eabi-gcc -mcpu=cortex-m0 -mthumb -mfloat-abi=soft -DSTM32 -DSTM32F0 -DSTM32F051R8Tx -DSTM32F0DISCOVERY -DDEBUG -DSTM32F051 -DUSE_STDPERIPH_DRIVER -I"/Users/vishnubanna/ECE362CODE/HW5/Utilities" -I"/Users/vishnubanna/ECE362CODE/HW5/StdPeriph_Driver/inc" -I"/Users/vishnubanna/ECE362CODE/HW5/inc" -I"/Users/vishnubanna/ECE362CODE/HW5/CMSIS/device" -I"/Users/vishnubanna/ECE362CODE/HW5/CMSIS/core" -O0 -g3 -Wall -fmessage-length=0 -ffunction-sections -c -MMD -MP -MF"StdPeriph_Driver/src/stm32f0xx_rtc.d" -MT"StdPeriph_Driver/src/stm32f0xx_rtc.o" -o "StdPeriph_Driver/src/stm32f0xx_rtc.o" "../StdPeriph_Driver/src/stm32f0xx_rtc.c"
Finished building: ../StdPeriph_Driver/src/stm32f0xx_flash.c
 
Building file: ../StdPeriph_Driver/src/stm32f0xx_spi.c
Invoking: MCU GCC Compiler
/Users/vishnubanna/ECE362CODE/HW5/Debug
arm-none-eabi-gcc -mcpu=cortex-m0 -mthumb -mfloat-abi=soft -DSTM32 -DSTM32F0 -DSTM32F051R8Tx -DSTM32F0DISCOVERY -DDEBUG -DSTM32F051 -DUSE_STDPERIPH_DRIVER -I"/Users/vishnubanna/ECE362CODE/HW5/Utilities" -I"/Users/vishnubanna/ECE362CODE/HW5/StdPeriph_Driver/inc" -I"/Users/vishnubanna/ECE362CODE/HW5/inc" -I"/Users/vishnubanna/ECE362CODE/HW5/CMSIS/device" -I"/Users/vishnubanna/ECE362CODE/HW5/CMSIS/core" -O0 -g3 -Wall -fmessage-length=0 -ffunction-sections -c -MMD -MP -MF"StdPeriph_Driver/src/stm32f0xx_spi.d" -MT"StdPeriph_Driver/src/stm32f0xx_spi.o" -o "StdPeriph_Driver/src/stm32f0xx_spi.o" "../StdPeriph_Driver/src/stm32f0xx_spi.c"
../StdPeriph_Driver/src/stm32f0xx_rtc.c: In function 'RTC_DeInit':
../StdPeriph_Driver/src/stm32f0xx_rtc.c:311:17: warning: unused variable 'wutcounter' [-Wunused-variable]
   __IO uint32_t wutcounter = 0x00;
                 ^~~~~~~~~~
Finished building: ../StdPeriph_Driver/src/stm32f0xx_misc.c
Finished building: ../StdPeriph_Driver/src/stm32f0xx_pwr.c
 
 
Finished building: ../StdPeriph_Driver/src/stm32f0xx_iwdg.c
Building file: ../StdPeriph_Driver/src/stm32f0xx_syscfg.c
 
Invoking: MCU GCC Compiler
Building file: ../StdPeriph_Driver/src/stm32f0xx_tim.c
Building file: ../StdPeriph_Driver/src/stm32f0xx_usart.c
Invoking: MCU GCC Compiler
/Users/vishnubanna/ECE362CODE/HW5/Debug
arm-none-eabi-gcc -mcpu=cortex-m0 -mthumb -mfloat-abi=soft -DSTM32 -DSTM32F0 -DSTM32F051R8Tx -DSTM32F0DISCOVERY -DDEBUG -DSTM32F051 -DUSE_STDPERIPH_DRIVER -I"/Users/vishnubanna/ECE362CODE/HW5/Utilities" -I"/Users/vishnubanna/ECE362CODE/HW5/StdPeriph_Driver/inc" -I"/Users/vishnubanna/ECE362CODE/HW5/inc" -I"/Users/vishnubanna/ECE362CODE/HW5/CMSIS/device" -I"/Users/vishnubanna/ECE362CODE/HW5/CMSIS/core" -O0 -g3 -Wall -fmessage-length=0 -ffunction-sections -c -MMD -MP -MF"StdPeriph_Driver/src/stm32f0xx_syscfg.d" -MT"StdPeriph_Driver/src/stm32f0xx_syscfg.o" -o "StdPeriph_Driver/src/stm32f0xx_syscfg.o" "../StdPeriph_Driver/src/stm32f0xx_syscfg.c"
Invoking: MCU GCC Compiler
/Users/vishnubanna/ECE362CODE/HW5/Debug
/Users/vishnubanna/ECE362CODE/HW5/Debug
arm-none-eabi-gcc -mcpu=cortex-m0 -mthumb -mfloat-abi=soft -DSTM32 -DSTM32F0 -DSTM32F051R8Tx -DSTM32F0DISCOVERY -DDEBUG -DSTM32F051 -DUSE_STDPERIPH_DRIVER -I"/Users/vishnubanna/ECE362CODE/HW5/Utilities" -I"/Users/vishnubanna/ECE362CODE/HW5/StdPeriph_Driver/inc" -I"/Users/vishnubanna/ECE362CODE/HW5/inc" -I"/Users/vishnubanna/ECE362CODE/HW5/CMSIS/device" -I"/Users/vishnubanna/ECE362CODE/HW5/CMSIS/core" -O0 -g3 -Wall -fmessage-length=0 -ffunction-sections -c -MMD -MP -MF"StdPeriph_Driver/src/stm32f0xx_usart.d" -MT"StdPeriph_Driver/src/stm32f0xx_usart.o" -o "StdPeriph_Driver/src/stm32f0xx_usart.o" "../StdPeriph_Driver/src/stm32f0xx_usart.c"
arm-none-eabi-gcc -mcpu=cortex-m0 -mthumb -mfloat-abi=soft -DSTM32 -DSTM32F0 -DSTM32F051R8Tx -DSTM32F0DISCOVERY -DDEBUG -DSTM32F051 -DUSE_STDPERIPH_DRIVER -I"/Users/vishnubanna/ECE362CODE/HW5/Utilities" -I"/Users/vishnubanna/ECE362CODE/HW5/StdPeriph_Driver/inc" -I"/Users/vishnubanna/ECE362CODE/HW5/inc" -I"/Users/vishnubanna/ECE362CODE/HW5/CMSIS/device" -I"/Users/vishnubanna/ECE362CODE/HW5/CMSIS/core" -O0 -g3 -Wall -fmessage-length=0 -ffunction-sections -c -MMD -MP -MF"StdPeriph_Driver/src/stm32f0xx_tim.d" -MT"StdPeriph_Driver/src/stm32f0xx_tim.o" -o "StdPeriph_Driver/src/stm32f0xx_tim.o" "../StdPeriph_Driver/src/stm32f0xx_tim.c"
Finished building: ../StdPeriph_Driver/src/stm32f0xx_rcc.c
 
Building file: ../StdPeriph_Driver/src/stm32f0xx_wwdg.c
Invoking: MCU GCC Compiler
/Users/vishnubanna/ECE362CODE/HW5/Debug
arm-none-eabi-gcc -mcpu=cortex-m0 -mthumb -mfloat-abi=soft -DSTM32 -DSTM32F0 -DSTM32F051R8Tx -DSTM32F0DISCOVERY -DDEBUG -DSTM32F051 -DUSE_STDPERIPH_DRIVER -I"/Users/vishnubanna/ECE362CODE/HW5/Utilities" -I"/Users/vishnubanna/ECE362CODE/HW5/StdPeriph_Driver/inc" -I"/Users/vishnubanna/ECE362CODE/HW5/inc" -I"/Users/vishnubanna/ECE362CODE/HW5/CMSIS/device" -I"/Users/vishnubanna/ECE362CODE/HW5/CMSIS/core" -O0 -g3 -Wall -fmessage-length=0 -ffunction-sections -c -MMD -MP -MF"StdPeriph_Driver/src/stm32f0xx_wwdg.d" -MT"StdPeriph_Driver/src/stm32f0xx_wwdg.o" -o "StdPeriph_Driver/src/stm32f0xx_wwdg.o" "../StdPeriph_Driver/src/stm32f0xx_wwdg.c"
Finished building: ../StdPeriph_Driver/src/stm32f0xx_i2c.c
 
Finished building: ../StdPeriph_Driver/src/stm32f0xx_spi.c
 
Finished building: ../StdPeriph_Driver/src/stm32f0xx_rtc.c
 
Finished building: ../StdPeriph_Driver/src/stm32f0xx_syscfg.c
 
Finished building: ../StdPeriph_Driver/src/stm32f0xx_usart.c
 
Finished building: ../StdPeriph_Driver/src/stm32f0xx_wwdg.c
 
Finished building: ../StdPeriph_Driver/src/stm32f0xx_tim.c
 
Building target: HW5.elf
Invoking: MCU GCC Linker
arm-none-eabi-gcc -mcpu=cortex-m0 -mthumb -mfloat-abi=soft -T"/Users/vishnubanna/ECE362CODE/HW5/LinkerScript.ld" -Wl,-Map=output.map -Wl,--gc-sections -o "HW5.elf" @"objects.list"   -lm
Finished building target: HW5.elf
 
/Applications/Xcode.app/Contents/Developer/usr/bin/make --no-print-directory post-build
Generating binary and Printing size information:
arm-none-eabi-objcopy -O binary "HW5.elf" "HW5.bin"
arm-none-eabi-size "HW5.elf"
   text	   data	    bss	    dec	    hex	filename
   1092	   1080	    196	   2368	    940	HW5.elf
 

20:33:54 Build Finished (took 955ms)

